00:26
00 Ühr 26
null Ühr sechsundzwanzig
4 vor halb 0
vier vor halb null