00 Uhr 35
5 nach halb 0
fünf nach halb null
null Uhr fünfunddreißig