00:30
00 Ühr 30
null Ühr dreißig
Halb 01
Halb eins