00:59
00 Ühr 59
null Ühr neunundfünfzig
1 vor 1
eins vor eins
kurz vor eins