02 Uhr 58
2 vor 3
kurz vor drei
zwei Uhr achtundf√ºnfzig
zwei vor drei