03:05
03 Ühr 05
drei Ühr fünf
5 nach 3
fünf nach drei