03 Uhr 02
2 nach 3
drei Uhr zwei
kurz nach drei
zwei nach drei