03 Uhr 50
10 vor 4
drei Uhr f√ºnfzig
zehn vor vier