04 Uhr 32
2 nach halb 4
vier Uhr zweiunddrei√üig
zwei nach halb vier