04 Uhr 34
4 nach halb 4
vier Uhr vierunddreiÃŸig
vier nach halb vier