05:03
05 Ühr 03
fünf Ühr drei
3 nach 5
drei nach fünf
kurz nach fünf