05:41
05 Ühr 41
fünf Ühr einundvierzig
19 vor 6
neunzehn vor sechs