05 Uhr 56
4 vor 6
fünf Uhr sechsundfünfzig
kurz vor sechs
vier vor sechs