06 Uhr 10
10 nach 6
sechs Uhr zehn
zehn nach sechs