06 Uhr 41
19 vor 7
neunzehn vor sieben
sechs Uhr einundvierzig