07 Uhr 13
13 nach 7
dreizehn nach sieben
sieben Uhr dreizehn