07:34
07 Ühr 34
sieben Ühr vierunddreißig
4 nach halb 7
vier nach halb sieben