kurz vor acht
sieben Uhr achtundf√ºnfzig
zwei vor acht