08 Uhr 07
7 nach 8
acht Uhr sieben
sieben nach acht