08 Uhr 33
3 nach halb 8
acht Uhr dreiunddreiÃŸig
drei nach halb acht