09 Uhr 18
18 nach 9
achtzehn nach neun
neun Uhr achtzehn