09:32
09 Ühr 32
neun Ühr zweiunddreißig
2 nach halb 9
zwei nach halb neun