09 Uhr 42
18 vor 10
achtzehn vor zehn
neun Uhr zweiundvierzig