09 Uhr 41
19 vor 10
neun Uhr einundvierzig
neunzehn vor zehn