10:05
10 Ühr 05
zehn Ühr fünf
5 nach 10
fünf nach zehn