10:02
10 Ühr 02
zehn Ühr zwei
2 nach 10
zwei nach zehn
kurz nach zehn