10 Uhr 17
17 nach 10
siebzehn nach zehn
zehn Uhr siebzehn