11 Uhr 13
13 nach 11
dreizehn nach elf
elf Uhr dreizehn