elf Uhr vierzig
zehn nach halb zwölf
zwanzig vor zwölf