11 Uhr 49
11 vor 12
elf Uhr neunundvierzig
elf vor zw√∂lf