dreizehn Uhr siebenundvierzig
dreizehn vor zwei
eins Uhr siebenundvierzig