sechs vor halb vierzehn
sechs vor halb zwei
vierzehn Uhr vierundzwanzig
zwei Uhr vierundzwanzig