02 Uhr 46
14 Uhr 46
14 vor 15
14 vor 3
vierzehn Uhr sechsundvierzig
vierzehn vor drei
vierzehn vor f√ºnfzehn
zwei Uhr sechsundvierzig