drei Uhr zweiunddreißig
fünfzehn Uhr zweiunddreißig
zwei nach halb vier