fünfzehn vor fünf
fünfzehn vor siebzehn
sechzehn Uhr fünfundvierzig
vier Uhr fünfundvierzig
viertel vor fünf
viertel vor siebzehn