fünf Uhr sieben
sieben nach fünf
siebzehn Uhr sieben