fünf Uhr zehn
siebzehn Uhr zehn
zehn nach fünf
zehn nach siebzehn