fünf Uhr fünfundzwanzig
fünf vor halb fünf
siebzehn Uhr fünfundzwanzig