halb acht
halb zwanzig
neunzehn Uhr dreißig
sieben Uhr dreißig