neunzehn Uhr dreiundfünfzig
sieben Uhr dreiundfünfzig
sieben vor acht
sieben vor zwanzig