acht Uhr neunzehn
neunzehn nach acht
zwanzig Uhr neunzehn