eins vor halb neun
einundzwanzig Uhr neunundzwanzig
neun Uhr neunundzwanzig