einundzwanzig Uhr vierundfünfzig
neun Uhr vierundfünfzig
sechs vor zehn
sechs vor zweiundzwanzig