10 Uhr 11
11 nach 10
11 nach 22
22 Uhr 11
elf nach zehn
elf nach zweiundzwanzig
zehn Uhr elf
zweiundzwanzig Uhr elf