22:14
22 Ühr 14
zweiundzwanzig Ühr vierzehn
10 Ühr 14
zehn Ühr vierzehn
14 nach 22
vierzehn nach zweiundzwanzig
14 nach 10
vierzehn nach zehn