23:29
23 Ühr 29
dreiundzwanzig Ühr neunundzwanzig
11 Ühr 29
elf Ühr neunundzwanzig
1 vor halb 23
eins vor halb dreiundzwanzig
1 vor halb 11
eins vor halb elf