11 Uhr 36
23 Uhr 36
6 nach halb 11
6 nach halb 23
dreiundzwanzig Uhr sechsunddreißig
elf Uhr sechsunddreißig
sechs nach halb dreiundzwanzig
sechs nach halb elf