11 Uhr 55
23 Uhr 55
5 vor 12
5 vor 24
dreiundzwanzig Uhr fünfundfünfzig
elf Uhr fünfundfünfzig
fünf vor vierundzwanzig
fünf vor zwölf