02:38
02 Ühr 38
zwei Ühr achtunddreißig
8 nach halb 2
acht nach halb zwei