02:42
02 Ühr 42
zwei Ühr zweiundvierzig
18 vor 3
achtzehn vor drei